1157689312.049	5987	10.105.44.161	TCP_MISS/302	19596	POST	http://login.yahoo.com/	-	DIRECT/131.167.238.39	text/html
1157689312.068	3385	10.105.47.146	TCP_MISS/304	1226	POST	http://login.yahoo.com/	badeyek	DIRECT/73.75.92.255	-
1157689312.086	2701	10.105.28.127	TCP_MISS/304	18619	GET	http://www.goonernews.com/	-	DIRECT/236.204.65.229	image/jpeg
1157689312.105	3747	10.105.35.161	TCP_MISS/200	16779	CONNECT	http://login.yahoo.com/	adeolaegbedokun	DIRECT/141.204.69.159	-
1157689312.124	4353	10.105.26.231	TCP_MISS/304	749	CONNECT	http://login.yahoo.com/	-	DIRECT/132.12.54.210	image/jpeg
1157689312.143	3331	10.105.35.248	TCP_MISS/200	17601	GET	http://www.goonernews.com/	-	DIRECT/79.215.247.60	-
1157689312.161	5088	10.105.47.228	TCP_MISS/304	16491	CONNECT	http://www.goonernews.com/	badeyek	DIRECT/153.9.34.142	text/html
1157689312.180	2391	10.105.34.238	TCP_MISS/200	12663	GET	http://www.example.com/	badeyek	DIRECT/221.126.120.244	image/jpeg
1157689312.199	2926	10.105.34.197	TCP_MISS/304	13744	CONNECT	http://www.google.com/	-	DIRECT/81.39.34.182	image/jpeg
1157689312.218	3452	10.105.23.133	TCP_MISS/200	7828	POST	http://www.google.com/	-	DIRECT/181.17.188.61	-
1157689312.236	2697	10.105.47.175	TCP_MISS/304	4421	GET	http://www.goonernews.com/	badeyek	DIRECT/197.152.138.202	text/html
1157689312.255	5053	10.105.33.165	TCP_MISS/304	9283	POST	http://www.goonernews.com/	-	DIRECT/206.129.67.131	image/jpeg
1157689312.274	3697	10.105.20.146	TCP_MISS/302	5681	POST	http://login.yahoo.com/	-	DIRECT/157.108.84.113	-
1157689312.292	5841	10.105.26.112	TCP_MISS/200	8876	CONNECT	http://login.yahoo.com/	adeolaegbedokun	DIRECT/134.165.226.175	text/html
1157689312.311	3717	10.105.48.180	TCP_MISS/302	11840	GET	http://www.google.com/	adeolaegbedokun	DIRECT/155.106.2.64	-
1157689312.330	4751	10.105.50.116	TCP_MISS/200	6203	POST	http://www.goonernews.com/	badeyek	DIRECT/116.224.189.128	image/jpeg
1157689312.349	3664	10.105.37.252	TCP_MISS/200	2068	GET	http://www.google.com/	-	DIRECT/64.106.137.116	image/gif
1157689312.367	1448	10.105.43.181	TCP_MISS/200	16324	GET	http://www.example.com/	adeolaegbedokun	DIRECT/73.239.73.37	image/gif
1157689312.386	5080	10.105.33.248	TCP_MISS/304	2112	GET	http://www.example.com/	-	DIRECT/247.27.120.78	image/jpeg
1157689312.405	1244	10.105.22.129	TCP_MISS/302	16014	CONNECT	http://www.example.com/	-	DIRECT/250.54.121.246	image/gif
1157689312.424	4625	10.105.43.221	TCP_MISS/200	16756	GET	http://www.example.com/	badeyek	DIRECT/251.14.239.249	text/html
1157689312.442	3581	10.105.27.195	TCP_MISS/302	17251	CONNECT	http://login.yahoo.com/	adeolaegbedokun	DIRECT/249.2.106.25	-
1157689312.461	3871	10.105.38.252	TCP_MISS/304	19329	CONNECT	http://login.yahoo.com/	-	DIRECT/130.30.250.249	text/html
1157689312.480	4842	10.105.40.237	TCP_MISS/200	2996	POST	http://login.yahoo.com/	badeyek	DIRECT/82.66.159.194	-
1157689312.498	5892	10.105.21.160	TCP_MISS/302	4412	POST	http://login.yahoo.com/	-	DIRECT/238.58.215.153	image/jpeg
1157689312.517	3457	10.105.34.245	TCP_MISS/200	7994	POST	http://www.example.com/	-	DIRECT/70.21.167.167	image/gif
1157689312.536	1967	10.105.43.245	TCP_MISS/304	2193	GET	http://www.example.com/	badeyek	DIRECT/212.92.193.28	-
1157689312.555	5928	10.105.48.167	TCP_MISS/200	1384	GET	http://www.example.com/	adeolaegbedokun	DIRECT/215.38.163.249	image/jpeg
1157689312.573	5769	10.105.43.127	TCP_MISS/200	3987	GET	http://www.example.com/	adeolaegbedokun	DIRECT/158.187.161.87	image/gif
1157689312.592	1476	10.105.40.157	TCP_MISS/200	1633	GET	http://www.google.com/	badeyek	DIRECT/175.66.173.98	-
1157689312.611	4933	10.105.29.171	TCP_MISS/200	5620	POST	http://www.google.com/	-	DIRECT/192.206.218.167	text/html
1157689312.630	3224	10.105.36.146	TCP_MISS/304	5237	POST	http://www.example.com/	-	DIRECT/126.39.236.174	image/gif
1157689312.648	5271	10.105.26.201	TCP_MISS/304	15119	CONNECT	http://login.yahoo.com/	-	DIRECT/220.55.48.51	image/gif
1157689312.667	3236	10.105.34.212	TCP_MISS/200	3127	GET	http://www.example.com/	adeolaegbedokun	DIRECT/174.95.207.202	-
1157689312.686	3970	10.105.44.251	TCP_MISS/200	14709	CONNECT	http://login.yahoo.com/	-	DIRECT/253.156.229.90	text/html
1157689312.704	4425	10.105.36.184	TCP_MISS/200	10017	GET	http://www.google.com/	badeyek	DIRECT/106.249.240.197	image/jpeg
1157689312.723	2861	10.105.42.141	TCP_MISS/200	16180	POST	http://www.goonernews.com/	badeyek	DIRECT/148.182.63.150	text/html
1157689312.742	2058	10.105.31.236	TCP_MISS/200	16026	GET	http://www.example.com/	adeolaegbedokun	DIRECT/118.50.32.106	text/html
1157689312.761	1371	10.105.48.247	TCP_MISS/200	6443	GET	http://www.example.com/	adeolaegbedokun	DIRECT/216.23.210.86	-
1157689312.779	5914	10.105.43.215	TCP_MISS/304	7672	GET	http://www.example.com/	-	DIRECT/131.14.79.25	image/gif
1157689312.798	1293	10.105.41.101	TCP_MISS/200	6177	GET	http://www.google.com/	-	DIRECT/74.217.83.192	-
1157689312.817	3370	10.105.20.203	TCP_MISS/200	11360	GET	http://www.goonernews.com/	-	DIRECT/122.66.124.70	-
1157689312.836	5553	10.105.38.118	TCP_MISS/200	11824	CONNECT	http://www.google.com/	-	DIRECT/223.129.185.198	-
1157689312.854	2194	10.105.45.246	TCP_MISS/200	7383	GET	http://www.goonernews.com/	badeyek	DIRECT/129.145.158.226	image/gif
1157689312.873	3512	10.105.37.157	TCP_MISS/304	9114	POST	http://www.google.com/	adeolaegbedokun	DIRECT/154.95.82.28	image/gif
1157689312.892	3153	10.105.24.105	TCP_MISS/302	11799	GET	http://www.goonernews.com/	adeolaegbedokun	DIRECT/136.68.239.211	image/gif
1157689312.910	4578	10.105.33.124	TCP_MISS/304	7702	GET	http://www.example.com/	badeyek	DIRECT/192.252.226.107	image/jpeg
1157689312.929	4494	10.105.24.152	TCP_MISS/304	17076	POST	http://www.example.com/	adeolaegbedokun	DIRECT/137.67.224.246	image/jpeg
1157689312.948	5030	10.105.42.222	TCP_MISS/302	3868	GET	http://www.example.com/	-	DIRECT/192.234.40.178	image/jpeg
1157689312.967	4358	10.105.34.194	TCP_MISS/304	9328	CONNECT	http://www.google.com/	-	DIRECT/232.97.57.27	image/gif
1157689312.985	3952	10.105.33.145	TCP_MISS/302	2620	GET	http://www.example.com/	adeolaegbedokun	DIRECT/161.15.13.13	-
1157689313.004	2478	10.105.35.111	TCP_MISS/200	3557	POST	http://www.goonernews.com/	-	DIRECT/173.148.96.223	image/gif
1157689313.023	1693	10.105.35.115	TCP_MISS/200	16382	POST	http://www.example.com/	-	DIRECT/157.206.233.226	image/jpeg
1157689313.042	5947	10.105.36.178	TCP_MISS/304	3251	POST	http://www.example.com/	badeyek	DIRECT/75.22.220.118	text/html
1157689313.060	3728	10.105.21.205	TCP_MISS/200	3575	GET	http://www.goonernews.com/	adeolaegbedokun	DIRECT/163.109.102.133	image/jpeg
1157689313.079	5718	10.105.41.171	TCP_MISS/200	14065	GET	http://login.yahoo.com/	adeolaegbedokun	DIRECT/135.33.233.100	text/html
1157689313.098	3459	10.105.26.105	TCP_MISS/304	2574	POST	http://login.yahoo.com/	-	DIRECT/184.101.129.74	text/html
1157689313.116	5085	10.105.40.227	TCP_MISS/200	9497	CONNECT	http://www.example.com/	adeolaegbedokun	DIRECT/229.14.226.77	text/html
1157689313.135	4939	10.105.50.246	TCP_MISS/302	4597	POST	http://www.google.com/	-	DIRECT/106.217.55.234	text/html
1157689313.154	3033	10.105.50.211	TCP_MISS/304	10042	POST	http://www.example.com/	-	DIRECT/215.61.50.160	image/jpeg
1157689313.173	4080	10.105.24.175	TCP_MISS/200	1025	GET	http://www.google.com/	adeolaegbedokun	DIRECT/163.155.134.248	image/jpeg
1157689313.191	4746	10.105.26.240	TCP_MISS/304	7657	CONNECT	http://www.example.com/	badeyek	DIRECT/192.193.60.23	image/gif
1157689313.210	4981	10.105.21.144	TCP_MISS/302	14375	POST	http://www.example.com/	badeyek	DIRECT/241.184.207.231	image/jpeg
1157689313.229	4081	10.105.31.177	TCP_MISS/302	5210	POST	http://login.yahoo.com/	adeolaegbedokun	DIRECT/185.233.58.143	image/jpeg
1157689313.248	5461	10.105.26.228	TCP_MISS/200	4031	GET	http://www.google.com/	badeyek	DIRECT/140.29.165.244	image/gif
1157689313.266	2348	10.105.43.181	TCP_MISS/304	15726	POST	http://www.google.com/	-	DIRECT/161.71.164.244	image/gif
1157689313.285	1222	10.105.23.233	TCP_MISS/200	17151	POST	http://www.goonernews.com/	adeolaegbedokun	DIRECT/229.171.240.214	text/html
1157689313.304	2447	10.105.41.200	TCP_MISS/304	16288	POST	http://login.yahoo.com/	badeyek	DIRECT/69.45.195.239	-
1157689313.322	3237	10.105.36.140	TCP_MISS/200	13271	GET	http://www.example.com/	adeolaegbedokun	DIRECT/252.97.208.215	image/gif
1157689313.341	3668	10.105.36.223	TCP_MISS/304	17532	POST	http://login.yahoo.com/	adeolaegbedokun	DIRECT/176.36.177.20	text/html
1157689313.360	4429	10.105.41.162	TCP_MISS/302	12719	GET	http://www.example.com/	-	DIRECT/186.41.183.62	image/gif
1157689313.379	3943	10.105.37.243	TCP_MISS/302	14591	POST	http://www.example.com/	adeolaegbedokun	DIRECT/230.200.66.4	image/gif
1157689313.397	4528	10.105.34.111	TCP_MISS/200	10053	POST	http://www.goonernews.com/	-	DIRECT/88.194.89.79	-
1157689313.416	3693	10.105.30.250	TCP_MISS/304	10893	CONNECT	http://www.goonernews.com/	adeolaegbedokun	DIRECT/66.92.113.182	text/html
1157689313.435	2746	10.105.38.247	TCP_MISS/302	10363	POST	http://www.google.com/	-	DIRECT/120.220.45.117	image/gif
1157689313.454	4721	10.105.20.159	TCP_MISS/200	15702	CONNECT	http://login.yahoo.com/	adeolaegbedokun	DIRECT/228.227.76.146	-
1157689313.472	3675	10.105.43.210	TCP_MISS/304	4578	GET	http://www.google.com/	adeolaegbedokun	DIRECT/87.152.210.85	-
1157689313.491	2197	10.105.40.159	TCP_MISS/302	14345	GET	http://login.yahoo.com/	-	DIRECT/67.17.249.203	image/gif
1157689313.510	3082	10.105.49.157	TCP_MISS/200	1184	POST	http://login.yahoo.com/	-	DIRECT/223.224.49.168	image/jpeg
1157689313.528	3511	10.105.49.205	TCP_MISS/302	14442	POST	http://www.google.com/	badeyek	DIRECT/154.237.38.70	image/jpeg
1157689313.547	5342	10.105.36.191	TCP_MISS/304	6616	GET	http://www.example.com/	badeyek	DIRECT/251.71.204.108	-
1157689313.566	4771	10.105.50.189	TCP_MISS/302	11950	CONNECT	http://www.example.com/	badeyek	DIRECT/212.255.193.131	-
1157689313.585	3905	10.105.49.228	TCP_MISS/304	14280	POST	http://www.goonernews.com/	-	DIRECT/252.88.205.100	image/gif
1157689313.603	5087	10.105.41.133	TCP_MISS/200	18803	POST	http://login.yahoo.com/	adeolaegbedokun	DIRECT/238.96.157.13	image/gif
1157689313.622	2764	10.105.29.160	TCP_MISS/302	830	GET	http://www.google.com/	adeolaegbedokun	DIRECT/68.230.68.172	image/gif
1157689313.641	5705	10.105.26.246	TCP_MISS/302	12000	GET	http://www.goonernews.com/	-	DIRECT/186.197.125.114	-
1157689313.660	3247	10.105.44.109	TCP_MISS/200	17772	GET	http://www.google.com/	badeyek	DIRECT/206.43.41.61	-
1157689313.678	1549	10.105.47.109	TCP_MISS/302	9852	POST	http://www.google.com/	badeyek	DIRECT/224.178.197.73	image/jpeg
1157689313.697	1182	10.105.35.215	TCP_MISS/200	551	CONNECT	http://www.google.com/	badeyek	DIRECT/180.151.186.141	image/jpeg
1157689313.716	5503	10.105.36.104	TCP_MISS/302	16262	GET	http://www.goonernews.com/	adeolaegbedokun	DIRECT/211.125.99.176	image/jpeg
1157689313.734	3105	10.105.23.177	TCP_MISS/200	1600	GET	http://login.yahoo.com/	adeolaegbedokun	DIRECT/220.105.176.136	image/jpeg
1157689313.753	2062	10.105.31.154	TCP_MISS/304	3538	GET	http://www.google.com/	-	DIRECT/78.97.105.249	image/gif
1157689313.772	4201	10.105.35.210	TCP_MISS/304	16379	GET	http://www.example.com/	badeyek	DIRECT/189.84.127.15	image/gif
1157689313.791	5958	10.105.43.185	TCP_MISS/200	3866	GET	http://login.yahoo.com/	-	DIRECT/144.33.142.206	-
1157689313.809	2175	10.105.32.249	TCP_MISS/302	17043	CONNECT	http://login.yahoo.com/	badeyek	DIRECT/63.220.186.184	image/jpeg
1157689313.828	2239	10.105.40.240	TCP_MISS/302	17986	CONNECT	http://www.goonernews.com/	-	DIRECT/128.63.29.114	text/html
1157689313.847	5382	10.105.35.155	TCP_MISS/302	10217	GET	http://www.google.com/	badeyek	DIRECT/214.100.205.26	-
1157689313.866	1419	10.105.39.252	TCP_MISS/200	12553	POST	http://www.google.com/	adeolaegbedokun	DIRECT/234.119.88.149	image/gif
1157689313.884	1425	10.105.48.166	TCP_MISS/302	9155	GET	http://www.goonernews.com/	-	DIRECT/136.126.52.211	text/html
1157689313.903	4197	10.105.23.112	TCP_MISS/200	1211	POST	http://login.yahoo.com/	-	DIRECT/243.137.144.13	text/html
1157689313.993	4197	205.105.23.112	TCP_MISS/200	1211	POST	http://login.yahoo.com/	-	DIRECT/243.137.144.13	text/html
